// Jest Snapshot v1, https://goo.gl/fbAQLP

exports[`Timeline Test 1`] = `
<div>
  <div
    class="sc-dkPtyc bepIQA"
    data-testid="timeline"
  >
    <ul
      class="sc-hKwCoD dLNPKa"
    >
      <li
        class="sc-eCImvq hiimFq"
      >
        <span
          class="sc-jRQAMF ibcQbN"
        >
          square
        </span>
        <div
          class="sc-bdvvaa kgncym"
          data-testid="box"
        />
        <div
          class="sc-iCfLBT fYESJe"
        >
          <button
            class="sc-furvIG jBUuLZ"
            type="button"
          />
          <button
            class="sc-furvIG GMUcJ"
            type="button"
          />
          <button
            class="sc-furvIG kFlig"
            type="button"
          />
        </div>
      </li>
      <li
        class="sc-eCImvq jkLjNy"
      >
        <span
          class="sc-jRQAMF ibcQbN"
        >
          circle
        </span>
        <button
          class="sc-gsDJrp fnAnkT"
          type="button"
        >
          <svg
            color="#ffffff"
            fill="currentColor"
            height="20px"
            stroke="currentColor"
            stroke-width="0"
            style="color: rgb(255, 255, 255);"
            viewBox="0 0 16 16"
            width="20px"
            xmlns="http://www.w3.org/2000/svg"
          >
            <path
              clip-rule="evenodd"
              d="M8 8.707l3.646 3.647.708-.707L8.707 8l3.647-3.646-.707-.708L8 7.293 4.354 3.646l-.707.708L7.293 8l-3.646 3.646.707.708L8 8.707z"
              fill-rule="evenodd"
            />
          </svg>
        </button>
        <div
          class="sc-iCfLBT fYESJe"
        >
          <button
            class="sc-furvIG jBUuLZ"
            type="button"
          />
          <button
            class="sc-furvIG hSgCnE"
            type="button"
          />
          <button
            class="sc-furvIG kFlig"
            type="button"
          />
        </div>
      </li>
    </ul>
  </div>
</div>
`;
