// Jest Snapshot v1, https://goo.gl/fbAQLP

exports[`Menu Test 1`] = `
<div>
  <button
    aria-haspopup="menu"
    class="sc-bdvvaa eDPJOX"
    data-state="closed"
    type="button"
  >
    <svg
      fill="currentColor"
      height="24"
      stroke="currentColor"
      stroke-width="0"
      viewBox="0 0 512 512"
      width="24"
      xmlns="http://www.w3.org/2000/svg"
    >
      <path
        d="M32 96v64h448V96H32zm0 128v64h448v-64H32zm0 128v64h448v-64H32z"
      />
    </svg>
  </button>
</div>
`;
