// Jest Snapshot v1, https://goo.gl/fbAQLP

exports[`Header Test 1`] = `
<div>
  <div
    class="sc-bdfBwQ bJvYKE"
    data-testid="header"
  >
    <a
      class="sc-gsTCUz jYhrxZ"
      tabindex="0"
    >
      Animate.
    </a>
    <ul>
      <li>
        <a
          href="/browse"
        >
          Browse
        </a>
      </li>
      <li>
        <a
          class="sc-dlfnbm fiBirn"
          tabindex="0"
        >
          <svg
            aria-hidden="true"
            class="MuiSvgIcon-root"
            focusable="false"
            viewBox="0 0 24 24"
          >
            <path
              d="M3 13h8V3H3v10zm0 8h8v-6H3v6zm10 0h8V11h-8v10zm0-18v6h8V3h-8z"
            />
          </svg>
           Animate
        </a>
      </li>
    </ul>
  </div>
</div>
`;
