// Jest Snapshot v1, https://goo.gl/fbAQLP

exports[`<Header /> should render without throwing an error and match snapshot 1`] = `
<header
  className="sc-bdfBwQ detITg"
>
  <p>
    Animate
  </p>
  <ul
    className="sc-gsTCUz jZYPjJ"
  >
    <li>
      <a
        href="/"
        onClick={[Function]}
        onMouseEnter={[Function]}
      >
        Home
      </a>
    </li>
    <li>
      <a
        href="/animate"
        onClick={[Function]}
        onMouseEnter={[Function]}
      >
        App
      </a>
    </li>
    <li>
      Animations
    </li>
  </ul>
</header>
`;
